[    0.000000] Linux version 4.15.0-96-generic (buildd@lgw01-amd64-004) (gcc version 7.5.0 (Ubuntu 7.5.0-3ubuntu1~18.04)) #97-Ubuntu SMP Wed Apr 1 03:25:46 UTC 2020 (Ubuntu 4.15.0-96.97-generic 4.15.18)
[    0.000000] Command line: BOOT_IMAGE=/boot/vmlinuz-4.15.0-96-generic root=LABEL=cloudimg-rootfs ro console=tty1 console=ttyS0
[    0.000000] KERNEL supported cpus:
[    0.000000]   Intel GenuineIntel
[    0.000000]   AMD AuthenticAMD
[    0.000000]   Centaur CentaurHauls
[    0.000000] x86/fpu: Supporting XSAVE feature 0x001: 'x87 floating point registers'
[    0.000000] x86/fpu: Supporting XSAVE feature 0x002: 'SSE registers'
[    0.000000] x86/fpu: Supporting XSAVE feature 0x004: 'AVX registers'
[    0.000000] x86/fpu: xstate_offset[2]:  576, xstate_sizes[2]:  256
[    0.000000] x86/fpu: Enabled xstate features 0x7, context size is 832 bytes, using 'standard' format.
[    0.000000] e820: BIOS-provided physical RAM map:
[    0.000000] BIOS-e820: [mem 0x0000000000000000-0x000000000009fbff] usable
[    0.000000] BIOS-e820: [mem 0x000000000009fc00-0x000000000009ffff] reserved
[    0.000000] BIOS-e820: [mem 0x00000000000f0000-0x00000000000fffff] reserved
[    0.000000] BIOS-e820: [mem 0x0000000000100000-0x000000007ffeffff] usable
[    0.000000] BIOS-e820: [mem 0x000000007fff0000-0x000000007fffffff] ACPI data
[    0.000000] BIOS-e820: [mem 0x00000000fec00000-0x00000000fec00fff] reserved
[    0.000000] BIOS-e820: [mem 0x00000000fee00000-0x00000000fee00fff] reserved
[    0.000000] BIOS-e820: [mem 0x00000000fffc0000-0x00000000ffffffff] reserved
[    0.000000] NX (Execute Disable) protection: active
[    0.000000] SMBIOS 2.5 present.
[    0.000000] DMI: innotek GmbH VirtualBox/VirtualBox, BIOS VirtualBox 12/01/2006
[    0.000000] Hypervisor detected: KVM
[    0.000000] e820: last_pfn = 0x7fff0 max_arch_pfn = 0x400000000
[    0.000000] MTRR: Disabled
[    0.000000] x86/PAT: MTRRs disabled, skipping PAT initialization too.
[    0.000000] CPU MTRRs all blank - virtualized system.
[    0.000000] x86/PAT: Configuration [0-7]: WB  WT  UC- UC  WB  WT  UC- UC  
[    0.000000] found SMP MP-table at [mem 0x0009fff0-0x0009ffff]
[    0.000000] Scanning 1 areas for low memory corruption
[    0.000000] RAMDISK: [mem 0x35a6f000-0x36d2efff]
[    0.000000] ACPI: Early table checksum verification disabled
[    0.000000] ACPI: RSDP 0x00000000000E0000 000024 (v02 VBOX  )
[    0.000000] ACPI: XSDT 0x000000007FFF0030 00003C (v01 VBOX   VBOXXSDT 00000001 ASL  00000061)
[    0.000000] ACPI: FACP 0x000000007FFF00F0 0000F4 (v04 VBOX   VBOXFACP 00000001 ASL  00000061)
[    0.000000] ACPI: DSDT 0x000000007FFF0470 002325 (v02 VBOX   VBOXBIOS 00000002 INTL 20100528)
[    0.000000] ACPI: FACS 0x000000007FFF0200 000040
[    0.000000] ACPI: FACS 0x000000007FFF0200 000040
[    0.000000] ACPI: APIC 0x000000007FFF0240 00005C (v02 VBOX   VBOXAPIC 00000001 ASL  00000061)
[    0.000000] ACPI: SSDT 0x000000007FFF02A0 0001CC (v01 VBOX   VBOXCPUT 00000002 INTL 20100528)
[    0.000000] No NUMA configuration found
[    0.000000] Faking a node at [mem 0x0000000000000000-0x000000007ffeffff]
[    0.000000] NODE_DATA(0) allocated [mem 0x7ffc5000-0x7ffeffff]
[    0.000000] kvm-clock: cpu 0, msr 0:7ff44001, primary cpu clock
[    0.000000] kvm-clock: Using msrs 4b564d01 and 4b564d00
[    0.000000] kvm-clock: using sched offset of 4035880795 cycles
[    0.000000] clocksource: kvm-clock: mask: 0xffffffffffffffff max_cycles: 0x1cd42e4dffb, max_idle_ns: 881590591483 ns
[    0.000000] Zone ranges:
[    0.000000]   DMA      [mem 0x0000000000001000-0x0000000000ffffff]
[    0.000000]   DMA32    [mem 0x0000000001000000-0x000000007ffeffff]
[    0.000000]   Normal   empty
[    0.000000]   Device   empty
[    0.000000] Movable zone start for each node
[    0.000000] Early memory node ranges
[    0.000000]   node   0: [mem 0x0000000000001000-0x000000000009efff]
[    0.000000]   node   0: [mem 0x0000000000100000-0x000000007ffeffff]
[    0.000000] Reserved but unavailable: 98 pages
[    0.000000] Initmem setup node 0 [mem 0x0000000000001000-0x000000007ffeffff]
[    0.000000] ACPI: PM-Timer IO Port: 0x4008
[    0.000000] IOAPIC[0]: apic_id 2, version 32, address 0xfec00000, GSI 0-23
[    0.000000] ACPI: INT_SRC_OVR (bus 0 bus_irq 0 global_irq 2 dfl dfl)
[    0.000000] ACPI: INT_SRC_OVR (bus 0 bus_irq 9 global_irq 9 low level)
[    0.000000] Using ACPI (MADT) for SMP configuration information
[    0.000000] smpboot: Allowing 2 CPUs, 0 hotplug CPUs
[    0.000000] PM: Registered nosave memory: [mem 0x00000000-0x00000fff]
[    0.000000] PM: Registered nosave memory: [mem 0x0009f000-0x0009ffff]
[    0.000000] PM: Registered nosave memory: [mem 0x000a0000-0x000effff]
[    0.000000] PM: Registered nosave memory: [mem 0x000f0000-0x000fffff]
[    0.000000] e820: [mem 0x80000000-0xfebfffff] available for PCI devices
[    0.000000] Booting paravirtualized kernel on KVM
[    0.000000] clocksource: refined-jiffies: mask: 0xffffffff max_cycles: 0xffffffff, max_idle_ns: 7645519600211568 ns
[    0.000000] random: get_random_bytes called from start_kernel+0x99/0x4fd with crng_init=0
[    0.000000] setup_percpu: NR_CPUS:8192 nr_cpumask_bits:2 nr_cpu_ids:2 nr_node_ids:1
[    0.000000] percpu: Embedded 45 pages/cpu s147456 r8192 d28672 u1048576
[    0.000000] PV qspinlock hash table entries: 256 (order: 0, 4096 bytes)
[    0.000000] Built 1 zonelists, mobility grouping on.  Total pages: 515961
[    0.000000] Policy zone: DMA32
[    0.000000] Kernel command line: BOOT_IMAGE=/boot/vmlinuz-4.15.0-96-generic root=LABEL=cloudimg-rootfs ro console=tty1 console=ttyS0
[    0.000000] Memory: 2015260K/2096696K available (12300K kernel code, 2481K rwdata, 4264K rodata, 2432K init, 2712K bss, 81436K reserved, 0K cma-reserved)
[    0.000000] SLUB: HWalign=64, Order=0-3, MinObjects=0, CPUs=2, Nodes=1
[    0.000000] Kernel/User page tables isolation: enabled
[    0.000000] ftrace: allocating 39351 entries in 154 pages
[    0.004000] Hierarchical RCU implementation.
[    0.004000] 	RCU restricting CPUs from NR_CPUS=8192 to nr_cpu_ids=2.
[    0.004000] 	Tasks RCU enabled.
[    0.004000] RCU: Adjusting geometry for rcu_fanout_leaf=16, nr_cpu_ids=2
[    0.004000] NR_IRQS: 524544, nr_irqs: 440, preallocated irqs: 16
[    0.004000] Console: colour VGA+ 80x25
[    0.004000] console [tty1] enabled
[    0.004000] console [ttyS0] enabled
[    0.004000] ACPI: Core revision 20170831
[    0.004000] ACPI: 2 ACPI AML tables successfully acquired and loaded
[    0.004000] APIC: Switch to symmetric I/O mode setup
[    0.004000] x2apic enabled
[    0.004000] Switched APIC routing to physical x2apic.
[    0.004000] ..TIMER: vector=0x30 apic1=0 pin1=2 apic2=-1 pin2=-1
[    0.004004] tsc: Detected 2494.226 MHz processor
[    0.004901] Calibrating delay loop (skipped) preset value.. 4988.45 BogoMIPS (lpj=9976904)
[    0.005448] pid_max: default: 32768 minimum: 301
[    0.006295] Security Framework initialized
[    0.008002] Yama: becoming mindful.
[    0.008666] AppArmor: AppArmor initialized
[    0.010856] Dentry cache hash table entries: 262144 (order: 9, 2097152 bytes)
[    0.013214] Inode-cache hash table entries: 131072 (order: 8, 1048576 bytes)
[    0.014602] Mount-cache hash table entries: 4096 (order: 3, 32768 bytes)
[    0.016006] Mountpoint-cache hash table entries: 4096 (order: 3, 32768 bytes)
[    0.017451] Last level iTLB entries: 4KB 1024, 2MB 1024, 4MB 1024
[    0.018507] Last level dTLB entries: 4KB 1024, 2MB 1024, 4MB 1024, 1GB 4
[    0.020002] Spectre V1 : Mitigation: usercopy/swapgs barriers and __user pointer sanitization
[    0.021667] Spectre V2 : Mitigation: Full generic retpoline
[    0.022768] Spectre V2 : Spectre v2 / SpectreRSB mitigation: Filling RSB on context switch
[    0.024002] Speculative Store Bypass: Vulnerable
[    0.024947] MDS: Mitigation: Clear CPU buffers
[    0.025925] Freeing SMP alternatives memory: 36K
[    0.136419] APIC calibration not consistent with PM-Timer: 98ms instead of 100ms
[    0.138007] APIC delta adjusted to PM-Timer: 6241464 (6177943)
[    0.140065] smpboot: CPU0: Intel(R) Core(TM) i7-4870HQ CPU @ 2.50GHz (family: 0x6, model: 0x46, stepping: 0x1)
[    0.142077] Performance Events: unsupported p6 CPU model 70 no PMU driver, software events only.
[    0.144000] Hierarchical SRCU implementation.
[    0.144579] NMI watchdog: Perf event create on CPU 0 failed with -2
[    0.145745] NMI watchdog: Perf NMI watchdog permanently disabled
[    0.146988] smp: Bringing up secondary CPUs ...
[    0.148076] x86: Booting SMP configuration:
[    0.148831] .... node  #0, CPUs:      #1
[    0.004000] kvm-clock: cpu 1, msr 0:7ff44041, secondary cpu clock
[    0.152021] smp: Brought up 1 node, 2 CPUs
[    0.152822] smpboot: Max logical packages: 1
[    0.153644] smpboot: Total of 2 processors activated (9976.90 BogoMIPS)
[    0.156168] devtmpfs: initialized
[    0.156688] x86/mm: Memory block size: 128MB
[    0.157659] evm: security.selinux
[    0.158284] evm: security.SMACK64
[    0.158899] evm: security.SMACK64EXEC
[    0.160003] evm: security.SMACK64TRANSMUTE
[    0.160749] evm: security.SMACK64MMAP
[    0.161485] evm: security.apparmor
[    0.162590] evm: security.ima
[    0.163215] evm: security.capability
[    0.164094] clocksource: jiffies: mask: 0xffffffff max_cycles: 0xffffffff, max_idle_ns: 7645041785100000 ns
[    0.165851] futex hash table entries: 512 (order: 3, 32768 bytes)
[    0.166981] pinctrl core: initialized pinctrl subsystem
[    0.168105] RTC time: 15:51:28, date: 06/25/20
[    0.169077] NET: Registered protocol family 16
[    0.170138] audit: initializing netlink subsys (disabled)
[    0.171193] audit: type=2000 audit(1593100293.986:1): state=initialized audit_enabled=0 res=1
[    0.172013] cpuidle: using governor ladder
[    0.172882] cpuidle: using governor menu
[    0.173656] ACPI: bus type PCI registered
[    0.174391] acpiphp: ACPI Hot Plug PCI Controller Driver version: 0.5
[    0.176107] PCI: Using configuration type 1 for base access
[    0.180056] HugeTLB registered 2.00 MiB page size, pre-allocated 0 pages
[    0.181274] ACPI: Added _OSI(Module Device)
[    0.181274] ACPI: Added _OSI(Processor Device)
[    0.184003] ACPI: Added _OSI(3.0 _SCP Extensions)
[    0.184942] ACPI: Added _OSI(Processor Aggregator Device)
[    0.185900] ACPI: Added _OSI(Linux-Dell-Video)
[    0.186845] ACPI: Added _OSI(Linux-Lenovo-NV-HDMI-Audio)
[    0.188002] ACPI: Added _OSI(Linux-HPI-Hybrid-Graphics)
[    0.189391] ACPI: Executed 1 blocks of module-level executable AML code
[    0.193911] ACPI: Interpreter enabled
[    0.194725] ACPI: (supports S0 S5)
[    0.195515] ACPI: Using IOAPIC for interrupt routing
[    0.196244] PCI: Using host bridge windows from ACPI; if necessary, use "pci=nocrs" and report a bug
[    0.198196] ACPI: Enabled 2 GPEs in block 00 to 07
[    0.205306] ACPI: PCI Root Bridge [PCI0] (domain 0000 [bus 00-ff])
[    0.206438] acpi PNP0A03:00: _OSC: OS supports [ASPM ClockPM Segments MSI]
[    0.208374] acpi PNP0A03:00: _OSC: not requesting OS control; OS requires [ExtendedConfig ASPM ClockPM MSI]
[    0.210130] acpi PNP0A03:00: fail to add MMCONFIG information, can't access extended PCI configuration space under this bridge.
[    0.212479] PCI host bridge to bus 0000:00
[    0.213334] pci_bus 0000:00: root bus resource [io  0x0000-0x0cf7 window]
[    0.214560] pci_bus 0000:00: root bus resource [io  0x0d00-0xffff window]
[    0.216003] pci_bus 0000:00: root bus resource [mem 0x000a0000-0x000bffff window]
[    0.217525] pci_bus 0000:00: root bus resource [mem 0x80000000-0xfdffffff window]
[    0.218941] pci_bus 0000:00: root bus resource [bus 00-ff]
[    0.222603] pci 0000:00:01.1: legacy IDE quirk: reg 0x10: [io  0x01f0-0x01f7]
[    0.224003] pci 0000:00:01.1: legacy IDE quirk: reg 0x14: [io  0x03f6]
[    0.225550] pci 0000:00:01.1: legacy IDE quirk: reg 0x18: [io  0x0170-0x0177]
[    0.228002] pci 0000:00:01.1: legacy IDE quirk: reg 0x1c: [io  0x0376]
[    0.250230] pci 0000:00:07.0: quirk: [io  0x4000-0x403f] claimed by PIIX4 ACPI
[    0.252019] pci 0000:00:07.0: quirk: [io  0x4100-0x410f] claimed by PIIX4 SMB
[    0.261602] ACPI: PCI Interrupt Link [LNKA] (IRQs 5 9 10 *11)
[    0.263266] ACPI: PCI Interrupt Link [LNKB] (IRQs 5 9 *10 11)
[    0.264141] ACPI: PCI Interrupt Link [LNKC] (IRQs 5 *9 10 11)
[    0.265469] ACPI: PCI Interrupt Link [LNKD] (IRQs 5 9 10 *11)
[    0.266953] SCSI subsystem initialized
[    0.268035] pci 0000:00:02.0: vgaarb: setting as boot VGA device
[    0.269241] pci 0000:00:02.0: vgaarb: VGA device added: decodes=io+mem,owns=io+mem,locks=none
[    0.271110] pci 0000:00:02.0: vgaarb: bridge control possible
[    0.272025] vgaarb: loaded
[    0.272616] ACPI: bus type USB registered
[    0.273425] usbcore: registered new interface driver usbfs
[    0.274430] usbcore: registered new interface driver hub
[    0.276029] usbcore: registered new device driver usb
[    0.277052] EDAC MC: Ver: 3.0.0
[    0.277052] PCI: Using ACPI for IRQ routing
[    0.277239] NetLabel: Initializing
[    0.280010] NetLabel:  domain hash size = 128
[    0.280929] NetLabel:  protocols = UNLABELED CIPSOv4 CALIPSO
[    0.282093] NetLabel:  unlabeled traffic allowed by default
[    0.283240] clocksource: Switched to clocksource kvm-clock
[    0.293559] VFS: Disk quotas dquot_6.6.0
[    0.294394] VFS: Dquot-cache hash table entries: 512 (order 0, 4096 bytes)
[    0.295770] AppArmor: AppArmor Filesystem Enabled
[    0.296726] pnp: PnP ACPI init
[    0.298631] pnp: PnP ACPI: found 3 devices
[    0.309013] clocksource: acpi_pm: mask: 0xffffff max_cycles: 0xffffff, max_idle_ns: 2085701024 ns
[    0.310834] NET: Registered protocol family 2
[    0.311835] TCP established hash table entries: 16384 (order: 5, 131072 bytes)
[    0.313338] TCP bind hash table entries: 16384 (order: 6, 262144 bytes)
[    0.314527] TCP: Hash tables configured (established 16384 bind 16384)
[    0.317045] UDP hash table entries: 1024 (order: 3, 32768 bytes)
[    0.318439] UDP-Lite hash table entries: 1024 (order: 3, 32768 bytes)
[    0.319869] NET: Registered protocol family 1
[    0.320814] pci 0000:00:00.0: Limiting direct PCI/PCI transfers
[    0.321925] pci 0000:00:01.0: Activating ISA DMA hang workarounds
[    0.323026] pci 0000:00:02.0: Video device with shadowed ROM at [mem 0x000c0000-0x000dffff]
[    0.324614] Unpacking initramfs...
[    0.580393] Freeing initrd memory: 19200K
[    0.582030] clocksource: tsc: mask: 0xffffffffffffffff max_cycles: 0x23f3eb3743e, max_idle_ns: 440795257847 ns
[    0.584081] platform rtc_cmos: registered platform RTC device (no PNP device found)
[    0.585605] Scanning for low memory corruption every 60 seconds
[    0.587510] Initialise system trusted keyrings
[    0.588606] Key type blacklist registered
[    0.589497] workingset: timestamp_bits=36 max_order=19 bucket_order=0
[    0.591472] zbud: loaded
[    0.592594] squashfs: version 4.0 (2009/01/31) Phillip Lougher
[    0.594068] fuse init (API version 7.26)
[    0.598356] Key type asymmetric registered
[    0.599221] Asymmetric key parser 'x509' registered
[    0.600208] Block layer SCSI generic (bsg) driver version 0.4 loaded (major 246)
[    0.601800] io scheduler noop registered
[    0.602746] io scheduler deadline registered
[    0.603603] io scheduler cfq registered (default)
[    0.604995] ACPI: AC Adapter [AC] (on-line)
[    0.605857] input: Power Button as /devices/LNXSYSTM:00/LNXPWRBN:00/input/input0
[    0.607290] ACPI: Power Button [PWRF]
[    0.608139] input: Sleep Button as /devices/LNXSYSTM:00/LNXSLPBN:00/input/input1
[    0.609568] ACPI: Sleep Button [SLPF]
[    0.611540] ACPI: Battery Slot [BAT0] (battery present)
[    0.612662] Serial: 8250/16550 driver, 32 ports, IRQ sharing enabled
[    0.634658] 00:02: ttyS0 at I/O 0x3f8 (irq = 4, base_baud = 115200) is a 16550A
[    0.637236] Linux agpgart interface v0.103
[    0.640718] loop: module loaded
[    0.642080] scsi host0: ata_piix
[    0.643015] scsi host1: ata_piix
[    0.643832] ata1: PATA max UDMA/33 cmd 0x1f0 ctl 0x3f6 bmdma 0xd000 irq 14
[    0.645154] ata2: PATA max UDMA/33 cmd 0x170 ctl 0x376 bmdma 0xd008 irq 15
[    0.646420] libphy: Fixed MDIO Bus: probed
[    0.647296] tun: Universal TUN/TAP device driver, 1.6
[    0.648291] PPP generic driver version 2.4.2
[    0.649179] ehci_hcd: USB 2.0 'Enhanced' Host Controller (EHCI) Driver
[    0.650479] ehci-pci: EHCI PCI platform driver
[    0.651431] ehci-platform: EHCI generic platform driver
[    0.652522] ohci_hcd: USB 1.1 'Open' Host Controller (OHCI) Driver
[    0.653603] ohci-pci: OHCI PCI platform driver
[    0.654551] ohci-platform: OHCI generic platform driver
[    0.655601] uhci_hcd: USB Universal Host Controller Interface driver
[    0.656820] i8042: PNP: PS/2 Controller [PNP0303:PS2K,PNP0f03:PS2M] at 0x60,0x64 irq 1,12
[    0.658839] serio: i8042 KBD port at 0x60,0x64 irq 1
[    0.659912] serio: i8042 AUX port at 0x60,0x64 irq 12
[    0.661065] mousedev: PS/2 mouse device common for all mice
[    0.662332] input: AT Translated Set 2 keyboard as /devices/platform/i8042/serio0/input/input2
[    0.664274] rtc_cmos rtc_cmos: rtc core: registered rtc_cmos as rtc0
[    0.665471] rtc_cmos rtc_cmos: alarms up to one day, 114 bytes nvram
[    0.666647] i2c /dev entries driver
[    0.667478] device-mapper: uevent: version 1.0.3
[    0.668506] device-mapper: ioctl: 4.37.0-ioctl (2017-09-20) initialised: dm-devel@redhat.com
[    0.670171] ledtrig-cpu: registered to indicate activity on CPUs
[    0.671927] NET: Registered protocol family 10
[    0.676155] Segment Routing with IPv6
[    0.676934] NET: Registered protocol family 17
[    0.677935] Key type dns_resolver registered
[    0.678973] mce: Using 0 MCE banks
[    0.679765] RAS: Correctable Errors collector initialized.
[    0.680829] sched_clock: Marking stable (680811419, 0)->(846213938, -165402519)
[    0.682694] registered taskstats version 1
[    0.683532] Loading compiled-in X.509 certificates
[    0.686745] Loaded X.509 cert 'Build time autogenerated kernel key: 244b473b43e18b01f00e37a87f2ecd28620f0244'
[    0.688619] zswap: loaded using pool lzo/zbud
[    0.692969] Key type big_key registered
[    0.693778] Key type trusted registered
[    0.696257] Key type encrypted registered
[    0.697030] AppArmor: AppArmor sha1 policy hashing enabled
[    0.698064] ima: No TPM chip found, activating TPM-bypass! (rc=-19)
[    0.699169] ima: Allocated hash algorithm: sha1
[    0.700073] evm: HMAC attrs: 0x1
[    0.701061]   Magic number: 8:808:892
[    0.701857] rtc_cmos rtc_cmos: setting system clock to 2020-06-25 15:51:28 UTC (1593100288)
[    0.703534] BIOS EDD facility v0.16 2004-Jun-25, 0 devices found
[    0.704733] EDD information not available.
[    1.172488] Freeing unused kernel image memory: 2432K
[    1.184707] Write protecting the kernel read-only data: 20480k
[    1.187712] Freeing unused kernel image memory: 2008K
[    1.189606] Freeing unused kernel image memory: 1880K
[    1.196995] x86/mm: Checked W+X mappings: passed, no W+X pages found.
[    1.198541] x86/mm: Checking user space page tables
[    1.204844] x86/mm: Checked W+X mappings: passed, no W+X pages found.
Loading, please wait...
starting version 237
[    1.263521] e1000: Intel(R) PRO/1000 Network Driver - version 7.3.21-k8-NAPI
[    1.264921] e1000: Copyright (c) 1999-2006 Intel Corporation.
[    1.267944] Fusion MPT base driver 3.04.20
[    1.268884] Copyright (c) 1999-2008 LSI Corporation
[    1.277405] Fusion MPT SPI Host driver 3.04.20
[    1.291014] AVX2 version of gcm_enc/dec engaged.
[    1.291959] AES CTR mode by8 optimization enabled
[    1.495983] input: ImExPS/2 Generic Explorer Mouse as /devices/platform/i8042/serio1/input/input4
[    1.665353] e1000 0000:00:03.0 eth0: (PCI:33MHz:32-bit) 02:cf:14:98:e9:22
[    1.666771] e1000 0000:00:03.0 eth0: Intel(R) PRO/1000 Network Connection
[    1.669680] e1000 0000:00:03.0 enp0s3: renamed from eth0
[    1.670863] mptbase: ioc0: Initiating bringup
[    2.314116] ioc0: LSI53C1030 A0: Capabilities={Initiator}
[    4.417668] scsi host2: ioc0: LSI53C1030 A0, FwRev=00000000h, Ports=1, MaxQ=256, IRQ=20
[    5.782225] scsi 2:0:0:0: Direct-Access     VBOX     HARDDISK         1.0  PQ: 0 ANSI: 5
[    6.429803] scsi target2:0:0: Beginning Domain Validation
[    6.434234] scsi target2:0:0: Domain Validation skipping write tests
[    6.435706] scsi target2:0:0: Ending Domain Validation
[    6.436945] scsi target2:0:0: asynchronous
[    6.438207] scsi 2:0:1:0: Direct-Access     VBOX     HARDDISK         1.0  PQ: 0 ANSI: 5
[    7.431442] scsi target2:0:1: Beginning Domain Validation
[    7.434824] random: fast init done
[    7.436014] scsi target2:0:1: Domain Validation skipping write tests
[    7.437379] scsi target2:0:1: Ending Domain Validation
[    7.438479] scsi target2:0:1: asynchronous
[    7.443440] random: systemd-udevd: uninitialized urandom read (16 bytes read)
[    7.443614] sd 2:0:0:0: [sda] 20971520 512-byte logical blocks: (10.7 GB/10.0 GiB)
[    7.444995] random: systemd-udevd: uninitialized urandom read (16 bytes read)
[    7.446395] sd 2:0:0:0: Attached scsi generic sg0 type 0
[    7.447629] random: systemd-udevd: uninitialized urandom read (16 bytes read)
[    7.447835] sd 2:0:0:0: [sda] Write Protect is off
[    7.451253] sd 2:0:0:0: [sda] Incomplete mode parameter data
[    7.451303] sd 2:0:1:0: Attached scsi generic sg1 type 0
[    7.452493] sd 2:0:0:0: [sda] Assuming drive cache: write through
[    7.453583] sd 2:0:1:0: [sdb] 20480 512-byte logical blocks: (10.5 MB/10.0 MiB)
[    7.456831] sd 2:0:1:0: [sdb] Write Protect is off
[    7.458297] sd 2:0:1:0: [sdb] Incomplete mode parameter data
[    7.459438] sd 2:0:1:0: [sdb] Assuming drive cache: write through
[    7.463898]  sda: sda1
[    7.465504] sd 2:0:0:0: [sda] Attached SCSI disk
[    7.465632] sd 2:0:1:0: [sdb] Attached SCSI disk
Begin: Loading essential drivers ... [    8.968050] raid6: sse2x1   gen() 11374 MB/s
[    9.016469] raid6: sse2x1   xor()  8154 MB/s
[    9.064030] raid6: sse2x2   gen() 13371 MB/s
[    9.118781] raid6: sse2x2   xor() 10237 MB/s
[    9.164444] raid6: sse2x4   gen() 15464 MB/s
[    9.212133] raid6: sse2x4   xor()  9441 MB/s
[    9.260240] raid6: avx2x1   gen() 20457 MB/s
[    9.308293] raid6: avx2x1   xor() 15140 MB/s
[    9.356457] raid6: avx2x2   gen() 25686 MB/s
[    9.404160] raid6: avx2x2   xor() 15990 MB/s
[    9.454573] raid6: avx2x4   gen() 30601 MB/s
[    9.503683] raid6: avx2x4   xor() 19232 MB/s
[    9.504720] raid6: using algorithm avx2x4 gen() 30601 MB/s
[    9.505746] raid6: .... xor() 19232 MB/s, rmw enabled
[    9.506664] raid6: using avx2x2 recovery algorithm
[    9.508941] xor: automatically using best checksumming function   avx       
[    9.511601] async_tx: api initialized (async)
done.
Begin: Running /scripts/init-premount ... done.
Begin: Mounting root file system ... Begin: Running /scripts/local-top ... done.
Begin: Running /scripts/local-premount ... [    9.557176] Btrfs loaded, crc32c=crc32c-intel
Scanning for Btrfs filesystems
done.
Warning: fsck not present, so skipping root file system
[    9.588343] EXT4-fs (sda1): mounted filesystem with ordered data mode. Opts: (null)
done.
Begin: Running /scripts/local-bottom ... done.
Begin: Running /scripts/init-bottom ... done.
[    9.737073] ip_tables: (C) 2000-2006 Netfilter Core Team
[    9.745432] systemd[1]: systemd 237 running in system mode. (+PAM +AUDIT +SELINUX +IMA +APPARMOR +SMACK +SYSVINIT +UTMP +LIBCRYPTSETUP +GCRYPT +GNUTLS +ACL +XZ +LZ4 +SECCOMP +BLKID +ELFUTILS +KMOD -IDN2 +IDN -PCRE2 default-hierarchy=hybrid)
[    9.749484] systemd[1]: Detected virtualization oracle.
[    9.750461] systemd[1]: Detected architecture x86-64.

Welcome to [1mUbuntu 18.04.4 LTS[0m!

[    9.759523] systemd[1]: Set hostname to <ubuntu>.
[    9.768775] systemd[1]: Initializing machine ID from random generator.
[    9.770161] systemd[1]: Installed transient /etc/machine-id file.
[    9.997457] systemd[1]: Created slice User and Session Slice.
[[0;32m  OK  [0m] Created slice User and Session Slice.
[    9.999452] systemd[1]: Set up automount Arbitrary Executable File Formats File System Automount Point.
[[0;32m  OK  [0m] Set up automount Arbitrary Executabâ€¦rmats File System Automount Point.
[   10.002674] systemd[1]: Reached target User and Group Name Lookups.
[[0;32m  OK  [0m] Reached target User and Group Name Lookups.
[   10.017062] systemd[1]: Started Forward Password Requests to Wall Directory Watch.
[[0;32m  OK  [0m] Started Forward Password Requests to Wall Directory Watch.
[[0;32m  OK  [0m] Reached target System Time Synchronized.
[[0;32m  OK  [0m] Created slice System Slice.
[[0;32m  OK  [0m] Listening on Network Service Netlink Socket.
[[0;32m  OK  [0m] Listening on Journal Audit Socket.
[[0;32m  OK  [0m] Listening on /dev/initctl Compatibility Named Pipe.
[[0;32m  OK  [0m] Listening on udev Control Socket.
[[0;32m  OK  [0m] Listening on LVM2 metadata daemon socket.
[[0;32m  OK  [0m] Listening on LVM2 poll daemon socket.
[[0;32m  OK  [0m] Listening on Device-mapper event daemon FIFOs.
[[0;32m  OK  [0m] Listening on Syslog Socket.
[[0;32m  OK  [0m] Listening on Journal Socket.
         Starting Monitoring of LVM2 mirrorsâ€¦ng dmeventd or progress polling...
         Starting Load Kernel Modules...
         Starting Create list of required stâ€¦ce nodes for the current kernel...
         Starting Uncomplicated firewall...
         Mounting POSIX Message Queue File System...
[   10.129688] Loading iSCSI transport class v2.0-870.
[   10.135292] iscsi: registered transport (tcp)
[   10.149967] iscsi: registered transport (iser)
[[0;32m  OK  [0m] Listening on Journal Socket (/dev/log).
         Mounting Kernel Debug File System...
[[0;32m  OK  [0m] Listening on udev Kernel Socket.
         Starting udev Coldplug all Devices...
         Starting Journal Service...
[[0;32m  OK  [0m] Created slice system-serial\x2dgetty.slice.
         Mounting Huge Pages File System...
         Starting Set the console keyboard layout...
[[0;32m  OK  [0m] Reached target Slices.
         Starting Remount Root and Kernel File Systems...
[[0;32m  OK  [0m] Reached target Swap.
[[0;32m  OK  [0m] Started Load Kernel Modules.
[[0;32m  OK  [0m] Started Create list of required staâ€¦vice nodes for the current kernel.
[[0;32m  OK  [0m] Started Uncomplicated firewall.
[[0;32m  OK  [0m] Mounted POSIX Message Queue File System.
[[0;32m  OK  [0m] Mounted Kernel Debug File System.
[[0;32m  OK  [0m] Mounted Huge Pages File System.
[[0;32m  OK  [0m] Started LVM2 metadata daemon.
         Starting Create Static Device Nodes in /dev...
         Mounting FUSE Control File System...
[   10.212836] EXT4-fs (sda1): re-mounted. Opts: (null)
         Mounting Kernel Configuration File System...
         Starting Apply Kernel Variables...
[[0;32m  OK  [0m] Started Remount Root and Kernel File Systems.
[[0;32m  OK  [0m] Started Journal Service.
[[0;32m  OK  [0m] Mounted FUSE Control File System.
[[0;32m  OK  [0m] Started Create Static Device Nodes in /dev.
[[0;32m  OK  [0m] Mounted Kernel Configuration File System.
         Starting Load/Save Random Seed...
         Starting udev Kernel Device Manager...
         Starting Flush Journal to Persistent Storage...
[[0;32m  OK  [0m] Started Monitoring of LVM2 mirrors,â€¦sing dmeventd or progress polling.
[[0;32m  OK  [0m] Started udev Coldplug all Devices.
[[0;32m  OK  [0m] Started Load/Save Random Seed.
[[0;32m  OK  [0m] Started udev Kernel Device Manager.
[[0;32m  OK  [0m] Started Apply Kernel Variables.
[[0;32m  OK  [0m] Started Flush Journal to Persistent Storage.
[[0;32m  OK  [0m] Found device /dev/ttyS0.
[[0;32m  OK  [0m] Listening on Load/Save RF Kill Switch Status /dev/rfkill Watch.
[[0;32m  OK  [0m] Started Set the console keyboard layout.
[[0;32m  OK  [0m] Reached target Local File Systems (Pre).
[[0;32m  OK  [0m] Reached target Local File Systems.
         Starting ebtables ruleset management...
         Starting Tell Plymouth To Write Out Runtime Data...
         Starting Commit a transient machine-id on disk...
         Starting AppArmor initialization...
         Starting Create Volatile Files and Directories...
         Starting Set console font and keymap...
[[0;32m  OK  [0m] Started Dispatch Password Requests to Console Directory Watch.
[[0;32m  OK  [0m] Reached target Local Encrypted Volumes.
[[0;32m  OK  [0m] Started Tell Plymouth To Write Out Runtime Data.
[[0;32m  OK  [0m] Started Set console font and keymap.
[[0;32m  OK  [0m] Started Create Volatile Files and Directories.
         Starting Update UTMP about System Boot/Shutdown...
[[0;32m  OK  [0m] Started Update UTMP about System Boot/Shutdown.
[[0;32m  OK  [0m] Started Commit a transient machine-id on disk.
[[0;32m  OK  [0m] Started ebtables ruleset management.
[[0;32m  OK  [0m] Started AppArmor initialization.
         Starting Initial cloud-init job (pre-networking)...
[   12.891495] cloud-init[665]: Cloud-init v. 19.4-33-gbb4131a2-0ubuntu1~18.04.1 running 'init-local' at Thu, 25 Jun 2020 15:51:40 +0000. Up 12.54 seconds.
[[0;32m  OK  [0m] Started Initial cloud-init job (pre-networking).
[[0;32m  OK  [0m] Reached target Network (Pre).
         Starting Network Service...
[[0;32m  OK  [0m] Started Network Service.
         Starting Network Name Resolution...
         Starting Wait for Network to be Configured...
[[0;32m  OK  [0m] Started Network Name Resolution.
[[0;32m  OK  [0m] Reached target Host and Network Name Lookups.
[[0;32m  OK  [0m] Reached target Network.
[[0;32m  OK  [0m] Started Wait for Network to be Configured.
         Starting Initial cloud-init job (metadata service crawler)...
[   15.303823] cloud-init[781]: Cloud-init v. 19.4-33-gbb4131a2-0ubuntu1~18.04.1 running 'init' at Thu, 25 Jun 2020 15:51:42 +0000. Up 15.17 seconds.
[   15.316486] cloud-init[781]: ci-info: ++++++++++++++++++++++++++++++++++++++Net device info++++++++++++++++++++++++++++++++++++++
[   15.317915] cloud-init[781]: ci-info: +--------+------+----------------------------+---------------+--------+-------------------+
[   15.319504] cloud-init[781]: ci-info: | Device |  Up  |          Address           |      Mask     | Scope  |     Hw-Address    |
[   15.321595] cloud-init[781]: ci-info: +--------+------+----------------------------+---------------+--------+-------------------+
[   15.323192] cloud-init[781]: ci-info: | enp0s3 | True |         10.0.2.15          | 255.255.255.0 | global | 02:cf:14:98:e9:22 |
[   15.325743] cloud-init[781]: ci-info: | enp0s3 | True | fe80::cf:14ff:fe98:e922/64 |       .       |  link  | 02:cf:14:98:e9:22 |
[   15.327546] cloud-init[781]: ci-info: |   lo   | True |         127.0.0.1          |   255.0.0.0   |  host  |         .         |
[   15.329257] cloud-init[781]: ci-info: |   lo   | True |          ::1/128           |       .       |  host  |         .         |
[   15.330921] cloud-init[781]: ci-info: +--------+------+----------------------------+---------------+--------+-------------------+
[   15.332643] cloud-init[781]: ci-info: ++++++++++++++++++++++++++++Route IPv4 info+++++++++++++++++++++++++++++
[   15.334047] cloud-init[781]: ci-info: +-------+-------------+----------+-----------------+-----------+-------+
[   15.344273] cloud-init[781]: ci-info: | Route | Destination | Gateway  |     Genmask     | Interface | Flags |
[   15.345694] cloud-init[781]: ci-info: +-------+-------------+----------+-----------------+-----------+-------+
[   15.360308] cloud-init[781]: ci-info: |   0   |   0.0.0.0   | 10.0.2.2 |     0.0.0.0     |   enp0s3  |   UG  |
[   15.362051] cloud-init[781]: ci-info: |   1   |   10.0.2.0  | 0.0.0.0  |  255.255.255.0  |   enp0s3  |   U   |
[   15.363939] cloud-init[781]: ci-info: |   2   |   10.0.2.2  | 0.0.0.0  | 255.255.255.255 |   enp0s3  |   UH  |
[   15.365743] cloud-init[781]: ci-info: +-------+-------------+----------+-----------------+-----------+-------+
[   15.367486] cloud-init[781]: ci-info: +++++++++++++++++++Route IPv6 info+++++++++++++++++++
[   15.369327] cloud-init[781]: ci-info: +-------+-------------+---------+-----------+-------+
[   15.380233] cloud-init[781]: ci-info: | Route | Destination | Gateway | Interface | Flags |
[   15.383327] cloud-init[781]: ci-info: +-------+-------------+---------+-----------+-------+
[   15.384493] cloud-init[781]: ci-info: |   1   |  fe80::/64  |    ::   |   enp0s3  |   U   |
[   15.386119] cloud-init[781]: ci-info: |   3   |    local    |    ::   |   enp0s3  |   U   |
[   15.387675] cloud-init[781]: ci-info: |   4   |   ff00::/8  |    ::   |   enp0s3  |   U   |
[   15.389078] cloud-init[781]: ci-info: +-------+-------------+---------+-----------+-------+
[   15.914437] cloud-init[781]: Generating public/private rsa key pair.
[   15.915228] cloud-init[781]: Your identification has been saved in /etc/ssh/ssh_host_rsa_key.
[   15.916338] cloud-init[781]: Your public key has been saved in /etc/ssh/ssh_host_rsa_key.pub.
[   15.917648] cloud-init[781]: The key fingerprint is:
[   15.918716] cloud-init[781]: SHA256:d9AmRduKeQukV93oPjADPFuR84F+O+wmGJlOJGYipA0 root@ubuntu-bionic
[   15.920410] cloud-init[781]: The key's randomart image is:
[   15.921193] cloud-init[781]: +---[RSA 2048]----+
[   15.932591] cloud-init[781]: |           .+o   |
[   15.933192] cloud-init[781]: |  E .    . o+=.o |
[   15.933767] cloud-init[781]: |   =      B.*o+..|
[   15.934455] cloud-init[781]: |  . o . +o.%.oo  |
[   15.944728] cloud-init[781]: |     . +SoBoBo.. |
[   15.945443] cloud-init[781]: |         o=+ *+  |
[   15.946183] cloud-init[781]: |         o o..o. |
[   15.946848] cloud-init[781]: |          o . o. |
[   15.947414] cloud-init[781]: |             o   |
[   15.948112] cloud-init[781]: +----[SHA256]-----+
[   15.948865] cloud-init[781]: Generating public/private dsa key pair.
[   15.949930] cloud-init[781]: Your identification has been saved in /etc/ssh/ssh_host_dsa_key.
[   15.951048] cloud-init[781]: Your public key has been saved in /etc/ssh/ssh_host_dsa_key.pub.
[   15.952476] cloud-init[781]: The key fingerprint is:
[   15.953259] cloud-init[781]: SHA256:dU8nXYQnrDlamzItWIYl+iSukaOGDJI/zl4A0mhdXls root@ubuntu-bionic
[   15.954558] cloud-init[781]: The key's randomart image is:
[   15.955280] cloud-init[781]: +---[DSA 1024]----+
[   15.956027] cloud-init[781]: |     . . E   . oo|
[   15.956836] cloud-init[781]: | o. o . + .   +.o|
[   15.968379] cloud-init[781]: |+... . o +. .oooo|
[   15.984274] cloud-init[781]: |o.    o o.o.=o o |
[   15.985133] cloud-init[781]: | ..  o +S+ + +.  |
[   15.985965] cloud-init[781]: |+  .+ . o = +    |
[[0;32m  OK  [0m[   15.996260] ] cloud-initStarted Initial cloud-init job (metadata service crawler).[781]: 
|+o ..+     +     |
[   15.997843] cloud-init[781]: |.o=..            |
[   15.998735] cloud-init[781]: | ++.             |
[[   15.999599] cloud-init[781]: +----[SHA256]-----+
[   15.999784] cloud-init[781]: Generating public/private ecdsa key pair.
[   16.000074] cloud-init[781]: Your identification has been saved in /etc/ssh/ssh_host_ecdsa_key.
[   16.000405] cloud-init[781]: Your public key has been saved in /etc/ssh/ssh_host_ecdsa_key.pub.
[   16.001031] cloud-init[781]: The key fingerprint is:
[   16.002096] cloud-init[781]: SHA256:bSoHaXEpcvZsr38Efb9mRAM1/2VDCa0TPckSLshAgfs root@ubuntu-bionic
[   16.003140] cloud-init[781]: The key's randomart image is:
[   16.003646] cloud-init[781]: +---[ECDSA 256]---+
[   16.004831] cloud-init[781]: |      o+.    oB+o|
[   16.005744] cloud-init[781]: |     .  o.. .+.Bo|
[   16.006039] cloud-init[781]: |    . * oo o .=.=|
[   16.006759] cloud-init[781]: |     = B .. oo.++|
[   16.006857] cloud-init[781]: |      = S o. .o.o|
[   16.007690] cloud-init[781]: |     . E +  .  ..|
[   16.007735] cloud-init[781]: |      . o ..  . .|
[   16.007783] cloud-init[781]: |       o .  .  + |
[   16.008947] cloud-init[781]: |        ....  o  |
[   16.009135] cloud-init[781]: +----[SHA256]-----+
[   16.009769] cloud-init[781]: Generating public/private ed25519 key pair.
[   16.010138] cloud-init[781]: Your identification has been saved in /etc/ssh/ssh_host_ed25519_key.
[   16.011067] cloud-init[781]: Your public key has been saved in /etc/ssh/ssh_host_ed25519_key.pub.
[   16.011225] cloud-init[781]: The key fingerprint is:
[   16.011446] cloud-init[781]: SHA256:Pe/vOovNKMTCWAJ5YCJa7tqj/d3bxoM52vRzArEdpfk root@ubuntu-bionic
[   16.011825] cloud-init[781]: The key's randomart image is:
[   16.012846] cloud-init[781]: +--[ED25519 256]--+
[   16.013510] cloud-init[781]: |o +o             |
[   16.013949] cloud-init[781]: |o=o .       .    |
[   16.014144] cloud-init[781]: |. .o       +     |
[   16.014181] cloud-init[781]: | .  . . ..+      |
[   16.014217] cloud-init[781]: |  .  = .S+oo     |
[   16.015054] cloud-init[781]: | o  . o = .oE    |
[   16.015291] cloud-init[781]: |. o    o.=  .    |
[   16.015730] cloud-init[781]: | o . . +=o**o    |
[0;32m  OK  [0m] Reached target System Initialization.
[   16.016783] cloud-init[781]: |. ... o.+===**o  |
[[   16.036296] cloud-init[781]: +----[SHA256]-----+
[0;32m  OK  [0m] Listening on ACPID Listen Socket.
         Starting LXD - unix socket.
[[0;32m  OK  [0m] Started Discard unused blocks once a week.
[[0;32m  OK  [0m] Started Daily Cleanup of Temporary Directories.
[[0;32m  OK  [0m] Started Daily apt download activities.
[[0;32m  OK  [0m] Started Daily apt upgrade and clean activities.
[[0;32m  OK  [0m] Listening on UUID daemon activation socket.
[[0;32m  OK  [0m] Listening on D-Bus System Message Bus Socket.
[[0;32m  OK  [0m] Started ACPI Events Check.
[[0;32m  OK  [0m] Reached target Paths.
[[0;32m  OK  [0m] Listening on Open-iSCSI iscsid Socket.
         Starting Socket activation for snappy daemon.
[[0;32m  OK  [0m] Started Message of the Day.
[[0;32m  OK  [0m] Reached target Timers.
[[0;32m  OK  [0m] Reached target Network is Online.
         Starting Availability of block devices...
[[0;32m  OK  [0m] Reached target Remote File Systems (Pre).
[[0;32m  OK  [0m] Reached target Remote File Systems.
[[0;32m  OK  [0m] Reached target Cloud-config availability.
[[0;32m  OK  [0m] Listening on LXD - unix socket.
[[0;32m  OK  [0m] Listening on Socket activation for snappy daemon.
[[0;32m  OK  [0m] Reached target Sockets.
[[0;32m  OK  [0m] Reached target Basic System.
         Starting Accounts Service...
         Starting Permit User Sessions...
         Starting LXD - container startup/shutdown...
[[0;32m  OK  [0m] Started D-Bus System Message Bus.
         Starting System Logging Service...
         Starting Login Service...
         Starting Dispatcher daemon for systemd-networkd...
[[0;32m  OK  [0m] Started FUSE filesystem for LXC.
[[0;32m  OK  [0m] Started Regular background program processing daemon.
         Starting Virtualbox guest utils...
[[0;32m  OK  [0m] Started irqbalance daemon.
         Starting Pollinate to seed the pseudo random number generator...
         Starting Snappy daemon...
         Starting LSB: automatic crash report generation...
[[0;32m  OK  [0m] Started Deferred execution scheduler.
         Starting LSB: Record successful boot for GRUB...
[[0;32m  OK  [0m] Started System Logging Service.
[[0;32m  OK  [0m] Started Availability of block devices.
[[0;32m  OK  [0m] Started Permit User Sessions.
[[0;32m  OK  [0m] Started LXD - container startup/shutdown.
[[0;32m  OK  [0m] Started Login Service.
[[0;32m  OK  [0m] Started Unattended Upgrades Shutdown.
         Starting Authorization Manager...
         Starting Hold until boot process finishes up...
         Starting Terminate Plymouth Boot Screen...
[[0;32m  OK  [0m] Started Hold until boot process finishes up.
         Starting Set console scheme...
[[0;32m  OK  [0m] Started Serial Getty on ttyS0.
[[0;32m  OK  [0m] Started Terminate Plymouth Boot Screen.
[[0;32m  OK  [0m] Started Set console scheme.
[[0;32m  OK  [0m] Created slice system-getty.slice.
[[0;32m  OK  [0m] Started Getty on tty1.
[[0;32m  OK  [0m] Reached target Login Prompts.
[[0;32m  OK  [0m] Started Authorization Manager.
[[0;32m  OK  [0m] Started Accounts Service.
[[0;32m  OK  [0m] Started LSB: automatic crash report generation.
[[0;32m  OK  [0m] Started LSB: Record successful boot for GRUB.
[[0;32m  OK  [0m] Started Virtualbox guest utils.
[[0;32m  OK  [0m] Started Dispatcher daemon for systemd-networkd.
[[0;32m  OK  [0m] Started Snappy daemon.
         Starting Wait until snapd is fully seeded...
[[0;32m  OK  [0m] Started Pollinate to seed the pseudo random number generator.
         Starting OpenBSD Secure Shell server...
[[0;32m  OK  [0m] Started OpenBSD Secure Shell server.
[[0;32m  OK  [0m] Started Wait until snapd is fully seeded.
[[0;32m  OK  [0m] Reached target Multi-User System.
[[0;32m  OK  [0m] Reached target Graphical Interface.
         Starting Update UTMP about System Runlevel Changes...
         Starting Apply the settings specified in cloud-config...
[[0;32m  OK  [0m] Started Update UTMP about System Runlevel Changes.
[   19.948802] cloud-init[1247]: Cloud-init v. 19.4-33-gbb4131a2-0ubuntu1~18.04.1 running 'modules:config' at Thu, 25 Jun 2020 15:51:47 +0000. Up 19.36 seconds.
[[0;32m  OK  [0m] Started Apply the settings specified in cloud-config.
         Starting Execute cloud user/final scripts...
ci-info: no authorized SSH keys fingerprints found for user ubuntu.
<14>Jun 25 15:51:48 ec2: 
<14>Jun 25 15:51:48 ec2: #############################################################
<14>Jun 25 15:51:48 ec2: -----BEGIN SSH HOST KEY FINGERPRINTS-----
<14>Jun 25 15:51:48 ec2: 1024 SHA256:dU8nXYQnrDlamzItWIYl+iSukaOGDJI/zl4A0mhdXls root@ubuntu-bionic (DSA)
<14>Jun 25 15:51:48 ec2: 256 SHA256:bSoHaXEpcvZsr38Efb9mRAM1/2VDCa0TPckSLshAgfs root@ubuntu-bionic (ECDSA)
<14>Jun 25 15:51:48 ec2: 256 SHA256:Pe/vOovNKMTCWAJ5YCJa7tqj/d3bxoM52vRzArEdpfk root@ubuntu-bionic (ED25519)
<14>Jun 25 15:51:48 ec2: 2048 SHA256:d9AmRduKeQukV93oPjADPFuR84F+O+wmGJlOJGYipA0 root@ubuntu-bionic (RSA)
<14>Jun 25 15:51:48 ec2: -----END SSH HOST KEY FINGERPRINTS-----
<14>Jun 25 15:51:48 ec2: #############################################################
-----BEGIN SSH HOST KEY KEYS-----
ecdsa-sha2-nistp256 AAAAE2VjZHNhLXNoYTItbmlzdHAyNTYAAAAIbmlzdHAyNTYAAABBBEhgZKQqEJrXlMfy5EAEv4cGikx+x72fztIwX+Fjqm1GIXxk2sFP1HyDTehH/HyG6IKEYOaLq4OTElPzb/xxtGI= root@ubuntu-bionic
ssh-ed25519 AAAAC3NzaC1lZDI1NTE5AAAAIABA0SCv8QZUZ+yAj3qgjOBDtzE1qPbrAtGcIIV7JITN root@ubuntu-bionic
ssh-rsa AAAAB3NzaC1yc2EAAAADAQABAAABAQC89l96X/gKMRwUYrTSHQEWghfnA3LCb2lj4Gm+4OcNa5IVRirzdti8QNmlpEXXdLREXTf/B97Ma6EwNnlj3A+WmU0k5OFjehiIcW+iZ0FVKPMcsOa9tzLF7gcANmIXBOTN5Gs0nQQWUuPfR3yau4sGMbOd73uzgl51QA/ICho49RugXI1JxWHcBATu3aEIrtogICRZW0xG23Ajqxpu15lqxmowvU+RCeKHoTrPk5/AyrPbotnP/Vm3qwJpsKWs3FNpfFIIuGNSEWBvPPF6EnKiKdrGxVPWOM5IPjYozBvdFRSlVUgSN2DMXP8xKTKopjmewNbe86LimEoA6KXINM7b root@ubuntu-bionic
-----END SSH HOST KEY KEYS-----
[   20.865250] cloud-init[1299]: Cloud-init v. 19.4-33-gbb4131a2-0ubuntu1~18.04.1 running 'modules:final' at Thu, 25 Jun 2020 15:51:48 +0000. Up 20.68 seconds.
[   20.868272] cloud-init[1299]: ci-info: no authorized SSH keys fingerprints found for user ubuntu.
[   20.869428] cloud-init[1299]: Cloud-init v. 19.4-33-gbb4131a2-0ubuntu1~18.04.1 finished at Thu, 25 Jun 2020 15:51:48 +0000. Datasource DataSourceNoCloud [seed=/dev/sdb][dsmode=net].  Up 20.85 seconds
[[0;32m  OK  [0m] Started Execute cloud user/final scripts.
[[0;32m  OK  [0m] Reached target Cloud-init target.

Ubuntu 18.04.4 LTS ubuntu-bionic ttyS0

ubuntu-bionic login: 